[dotenv@17.2.3] injecting env (14) from .env -- tip: ­ƒöä add secrets lifecycle management: https://dotenvx.com/ops
--- STARTING SINGLE FORMAT TEST ---

Testing Query: "What is the load forecast?"
[AI Client] Requesting /api/process: { query: 'What is the load forecast?' }
[AI Client] Response Received from /api/process: {
  query: 'What is the load forecast?',
  intent: 'LOAD_FORECASTING',
  fulfillment: {
    service: 'load-forecasting',
    response: "Predicted load for query 'What is the load forecast?' is 1280 MW",
    data: { load_mw: 1280, confidence: 0.91 }
  }
}
Response Text: Predicted load for query 'What is the load forecast?' is 1280 MW
Extras: {
  request: 'What is the load forecast?',
  intent: 'LOAD_FORECASTING',
  service: 'load-forecasting'
}

Testing Query: "Check for theft suspicion"
[AI Client] Requesting /api/process: { query: 'Check for theft suspicion' }
[AI Client] Response Received from /api/process: {
  query: 'Check for theft suspicion',
  intent: 'THEFT_DETECTION',
  fulfillment: {
    service: 'theft-detection',
    response: "Suspicious activity detected related to 'Check for theft suspicion'",
    data: { alerts: 3, risk_level: 'high' }
  }
}
Response Text: Suspicious activity detected related to 'Check for theft suspicion'
Extras: {
  request: 'Check for theft suspicion',
  intent: 'THEFT_DETECTION',
  service: 'theft-detection'
}

Testing Query: "Hello there"
[AI Client] Requesting /api/process: { query: 'Hello there' }
[AI Client] Response Received from /api/process: {
  query: 'Hello there',
  intent: 'OTHER',
  fulfillment: {
    service: 'other',
    response: 'I can help with load forecasting or theft detection queries only.',
    data: {}
  }
}
Response Text: I can help with load forecasting or theft detection queries only.
Extras: { request: 'Hello there', intent: 'OTHER', service: 'other' }
